
  .   ____          _            __ _ _
 /\\ / ___'_ __ _ _(_)_ __  __ _ \ \ \ \
( ( )\___ | '_ | '_| | '_ \/ _` | \ \ \ \
 \\/  ___)| |_)| | | | | || (_| |  ) ) ) )
  '  |____| .__|_| |_|_| |_\__, | / / / /
 =========|_|==============|___/=/_/_/_/

 :: Spring Boot ::                (v3.4.1)

2026-08-31T12:11:09.220-05:00  INFO 28420 --- [           main] com.empresa.actas.ActasApplication       : Starting ActasApplication v1.0.0 using Java 21.0.11 with PID 28420 (C:\Users\juanhern\OneDrive - COMPANIA DE FINANCIAMIENTO COMERCIAL COLTEFINANCIERA S.A\Documentos\actas-glpi-Suaco\backend\target\actas-glpi-1.0.0.jar started by JuanHern in C:\Users\juanhern\OneDrive - COMPANIA DE FINANCIAMIENTO COMERCIAL COLTEFINANCIERA S.A\Documentos\actas-glpi-Suaco\backend)
2026-08-31T12:11:09.233-05:00  INFO 28420 --- [           main] com.empresa.actas.ActasApplication       : No active profile set, falling back to 1 default profile: "default"
2026-08-31T12:11:14.260-05:00  INFO 28420 --- [           main] .s.d.r.c.RepositoryConfigurationDelegate : Bootstrapping Spring Data JPA repositories in DEFAULT mode.
2026-08-31T12:11:14.605-05:00  INFO 28420 --- [           main] .s.d.r.c.RepositoryConfigurationDelegate : Finished Spring Data repository scanning in 296 ms. Found 9 JPA repository interfaces.
2026-08-31T12:11:18.373-05:00  INFO 28420 --- [           main] o.s.b.w.embedded.tomcat.TomcatWebServer  : Tomcat initialized with port 8001 (http)
2026-08-31T12:11:18.460-05:00  INFO 28420 --- [           main] o.apache.catalina.core.StandardService   : Starting service [Tomcat]
2026-08-31T12:11:18.462-05:00  INFO 28420 --- [           main] o.apache.catalina.core.StandardEngine    : Starting Servlet engine: [Apache Tomcat/10.1.34]
2026-08-31T12:11:18.658-05:00  INFO 28420 --- [           main] o.a.c.c.C.[Tomcat].[localhost].[/]       : Initializing Spring embedded WebApplicationContext
2026-08-31T12:11:18.677-05:00  INFO 28420 --- [           main] w.s.c.ServletWebServerApplicationContext : Root WebApplicationContext: initialization completed in 9246 ms
2026-08-31T12:11:19.430-05:00  INFO 28420 --- [           main] o.hibernate.jpa.internal.util.LogHelper  : HHH000204: Processing PersistenceUnitInfo [name: default]
2026-08-31T12:11:19.808-05:00  INFO 28420 --- [           main] org.hibernate.Version                    : HHH000412: Hibernate ORM core version 6.6.4.Final
2026-08-31T12:11:20.043-05:00  INFO 28420 --- [           main] o.h.c.internal.RegionFactoryInitiator    : HHH000026: Second-level cache disabled
2026-08-31T12:11:21.647-05:00  INFO 28420 --- [           main] o.s.o.j.p.SpringPersistenceUnitInfo      : No LoadTimeWeaver setup: ignoring JPA class transformer
2026-08-31T12:11:21.799-05:00  INFO 28420 --- [           main] com.zaxxer.hikari.HikariDataSource       : HikariPool-1 - Starting...
2026-08-31T12:11:22.843-05:00  INFO 28420 --- [           main] com.zaxxer.hikari.pool.HikariPool        : HikariPool-1 - Added connection org.postgresql.jdbc.PgConnection@12608986
2026-08-31T12:11:22.871-05:00  INFO 28420 --- [           main] com.zaxxer.hikari.HikariDataSource       : HikariPool-1 - Start completed.
2026-08-31T12:11:23.078-05:00  WARN 28420 --- [           main] org.hibernate.orm.deprecation            : HHH90000025: PostgreSQLDialect does not need to be specified explicitly using 'hibernate.dialect' (remove the property setting and it will be selected by default)
2026-08-31T12:11:23.222-05:00  INFO 28420 --- [           main] org.hibernate.orm.connections.pooling    : HHH10001005: Database info:
	Database JDBC URL [Connecting through datasource 'HikariDataSource (HikariPool-1)']
	Database driver: undefined/unknown
	Database version: 18.4
	Autocommit mode: undefined/unknown
	Isolation level: undefined/unknown
	Minimum pool size: undefined/unknown
	Maximum pool size: undefined/unknown
2026-08-31T12:11:30.309-05:00  INFO 28420 --- [           main] o.h.e.t.j.p.i.JtaPlatformInitiator       : HHH000489: No JTA platform available (set 'hibernate.transaction.jta.platform' to enable JTA platform integration)
2026-08-31T12:11:30.678-05:00  INFO 28420 --- [           main] j.LocalContainerEntityManagerFactoryBean : Initialized JPA EntityManagerFactory for persistence unit 'default'
2026-08-31T12:11:32.655-05:00  INFO 28420 --- [           main] o.s.d.j.r.query.QueryEnhancerFactory     : Hibernate is in classpath; If applicable, HQL parser will be used.
2026-08-31T12:11:43.815-05:00  INFO 28420 --- [           main] eAuthenticationProviderManagerConfigurer : Global AuthenticationManager configured with AuthenticationProvider bean with name authenticationProvider
2026-08-31T12:11:43.836-05:00  WARN 28420 --- [           main] r$InitializeUserDetailsManagerConfigurer : Global AuthenticationManager configured with an AuthenticationProvider bean. UserDetailsService beans will not be used by Spring Security for automatically configuring username/password login. Consider removing the AuthenticationProvider bean. Alternatively, consider using the UserDetailsService in a manually instantiated DaoAuthenticationProvider. If the current configuration is intentional, to turn off this warning, increase the logging level of 'org.springframework.security.config.annotation.authentication.configuration.InitializeUserDetailsBeanManagerConfigurer' to ERROR
2026-08-31T12:11:46.677-05:00  WARN 28420 --- [           main] JpaBaseConfiguration$JpaWebConfiguration : spring.jpa.open-in-view is enabled by default. Therefore, database queries may be performed during view rendering. Explicitly configure spring.jpa.open-in-view to disable this warning
2026-08-31T12:11:51.541-05:00  INFO 28420 --- [           main] o.s.b.w.embedded.tomcat.TomcatWebServer  : Tomcat started on port 8001 (http) with context path '/'
2026-08-31T12:11:51.608-05:00  INFO 28420 --- [           main] com.empresa.actas.ActasApplication       : Started ActasApplication in 44.688 seconds (process running for 47.263)
2026-08-31T12:11:51.922-05:00  INFO 28420 --- [nio-8001-exec-1] o.a.c.c.C.[Tomcat].[localhost].[/]       : Initializing Spring DispatcherServlet 'dispatcherServlet'
2026-08-31T12:11:51.929-05:00  INFO 28420 --- [nio-8001-exec-1] o.s.web.servlet.DispatcherServlet        : Initializing Servlet 'dispatcherServlet'
2026-08-31T12:11:51.936-05:00  INFO 28420 --- [nio-8001-exec-1] o.s.web.servlet.DispatcherServlet        : Completed initialization in 4 ms
2026-08-31T12:11:53.410-05:00  WARN 28420 --- [nio-8001-exec-8] ration$PageModule$WarningLoggingModifier : Serializing PageImpl instances as-is is not supported, meaning that there is no guarantee about the stability of the resulting JSON structure!
	For a stable JSON structure, please use Spring Data's PagedModel (globally via @EnableSpringDataWebSupport(pageSerializationMode = VIA_DTO))
	or Spring HATEOAS and Spring Data's PagedResourcesAssembler as documented in https://docs.spring.io/spring-data/commons/reference/repositories/core-extensions.html#core.web.pageables.

2026-08-31T12:13:28.334-05:00  INFO 28420 --- [nio-8001-exec-2] o.springdoc.api.AbstractOpenApiResource  : Init duration for springdoc-openapi is: 2070 ms
