
  .   ____          _            __ _ _
 /\\ / ___'_ __ _ _(_)_ __  __ _ \ \ \ \
( ( )\___ | '_ | '_| | '_ \/ _` | \ \ \ \
 \\/  ___)| |_)| | | | | || (_| |  ) ) ) )
  '  |____| .__|_| |_|_| |_\__, | / / / /
 =========|_|==============|___/=/_/_/_/

 :: Spring Boot ::                (v3.4.1)

2026-08-25T10:47:45.915-05:00  INFO 23664 --- [           main] com.empresa.actas.ActasApplication       : Starting ActasApplication v1.0.0 using Java 21.0.11 with PID 23664 (C:\Users\juanhern\OneDrive - COMPANIA DE FINANCIAMIENTO COMERCIAL COLTEFINANCIERA S.A\Documentos\actas-glpi-Suaco\backend\target\actas-glpi-1.0.0.jar started by JuanHern in C:\Users\juanhern\OneDrive - COMPANIA DE FINANCIAMIENTO COMERCIAL COLTEFINANCIERA S.A\Documentos\actas-glpi-Suaco\backend)
2026-08-25T10:47:45.925-05:00  INFO 23664 --- [           main] com.empresa.actas.ActasApplication       : No active profile set, falling back to 1 default profile: "default"
2026-08-25T10:47:50.120-05:00  INFO 23664 --- [           main] .s.d.r.c.RepositoryConfigurationDelegate : Bootstrapping Spring Data JPA repositories in DEFAULT mode.
2026-08-25T10:47:50.483-05:00  INFO 23664 --- [           main] .s.d.r.c.RepositoryConfigurationDelegate : Finished Spring Data repository scanning in 307 ms. Found 8 JPA repository interfaces.
2026-08-25T10:47:53.326-05:00  INFO 23664 --- [           main] o.s.b.w.embedded.tomcat.TomcatWebServer  : Tomcat initialized with port 8001 (http)
2026-08-25T10:47:53.403-05:00  INFO 23664 --- [           main] o.apache.catalina.core.StandardService   : Starting service [Tomcat]
2026-08-25T10:47:53.403-05:00  INFO 23664 --- [           main] o.apache.catalina.core.StandardEngine    : Starting Servlet engine: [Apache Tomcat/10.1.34]
2026-08-25T10:47:53.562-05:00  INFO 23664 --- [           main] o.a.c.c.C.[Tomcat].[localhost].[/]       : Initializing Spring embedded WebApplicationContext
2026-08-25T10:47:53.562-05:00  INFO 23664 --- [           main] w.s.c.ServletWebServerApplicationContext : Root WebApplicationContext: initialization completed in 7414 ms
2026-08-25T10:47:54.221-05:00  INFO 23664 --- [           main] o.hibernate.jpa.internal.util.LogHelper  : HHH000204: Processing PersistenceUnitInfo [name: default]
2026-08-25T10:47:54.507-05:00  INFO 23664 --- [           main] org.hibernate.Version                    : HHH000412: Hibernate ORM core version 6.6.4.Final
2026-08-25T10:47:54.697-05:00  INFO 23664 --- [           main] o.h.c.internal.RegionFactoryInitiator    : HHH000026: Second-level cache disabled
2026-08-25T10:47:56.024-05:00  INFO 23664 --- [           main] o.s.o.j.p.SpringPersistenceUnitInfo      : No LoadTimeWeaver setup: ignoring JPA class transformer
2026-08-25T10:47:56.191-05:00  INFO 23664 --- [           main] com.zaxxer.hikari.HikariDataSource       : HikariPool-1 - Starting...
2026-08-25T10:47:56.976-05:00  INFO 23664 --- [           main] com.zaxxer.hikari.pool.HikariPool        : HikariPool-1 - Added connection org.postgresql.jdbc.PgConnection@12548f9a
2026-08-25T10:47:56.985-05:00  INFO 23664 --- [           main] com.zaxxer.hikari.HikariDataSource       : HikariPool-1 - Start completed.
2026-08-25T10:47:57.120-05:00  WARN 23664 --- [           main] org.hibernate.orm.deprecation            : HHH90000025: PostgreSQLDialect does not need to be specified explicitly using 'hibernate.dialect' (remove the property setting and it will be selected by default)
2026-08-25T10:47:57.191-05:00  INFO 23664 --- [           main] org.hibernate.orm.connections.pooling    : HHH10001005: Database info:
	Database JDBC URL [Connecting through datasource 'HikariDataSource (HikariPool-1)']
	Database driver: undefined/unknown
	Database version: 18.4
	Autocommit mode: undefined/unknown
	Isolation level: undefined/unknown
	Minimum pool size: undefined/unknown
	Maximum pool size: undefined/unknown
2026-08-25T10:48:00.850-05:00  INFO 23664 --- [           main] o.h.e.t.j.p.i.JtaPlatformInitiator       : HHH000489: No JTA platform available (set 'hibernate.transaction.jta.platform' to enable JTA platform integration)
2026-08-25T10:48:01.065-05:00  INFO 23664 --- [           main] j.LocalContainerEntityManagerFactoryBean : Initialized JPA EntityManagerFactory for persistence unit 'default'
2026-08-25T10:48:02.972-05:00  INFO 23664 --- [           main] o.s.d.j.r.query.QueryEnhancerFactory     : Hibernate is in classpath; If applicable, HQL parser will be used.
2026-08-25T10:48:05.651-05:00  INFO 23664 --- [           main] eAuthenticationProviderManagerConfigurer : Global AuthenticationManager configured with AuthenticationProvider bean with name authenticationProvider
2026-08-25T10:48:05.651-05:00  WARN 23664 --- [           main] r$InitializeUserDetailsManagerConfigurer : Global AuthenticationManager configured with an AuthenticationProvider bean. UserDetailsService beans will not be used by Spring Security for automatically configuring username/password login. Consider removing the AuthenticationProvider bean. Alternatively, consider using the UserDetailsService in a manually instantiated DaoAuthenticationProvider. If the current configuration is intentional, to turn off this warning, increase the logging level of 'org.springframework.security.config.annotation.authentication.configuration.InitializeUserDetailsBeanManagerConfigurer' to ERROR
2026-08-25T10:48:07.121-05:00  WARN 23664 --- [           main] JpaBaseConfiguration$JpaWebConfiguration : spring.jpa.open-in-view is enabled by default. Therefore, database queries may be performed during view rendering. Explicitly configure spring.jpa.open-in-view to disable this warning
2026-08-25T10:48:09.463-05:00  INFO 23664 --- [           main] o.s.b.w.embedded.tomcat.TomcatWebServer  : Tomcat started on port 8001 (http) with context path '/'
2026-08-25T10:48:09.525-05:00  INFO 23664 --- [           main] com.empresa.actas.ActasApplication       : Started ActasApplication in 25.01 seconds (process running for 26.609)
2026-08-25T10:48:11.163-05:00  INFO 23664 --- [nio-8001-exec-3] o.a.c.c.C.[Tomcat].[localhost].[/]       : Initializing Spring DispatcherServlet 'dispatcherServlet'
2026-08-25T10:48:11.163-05:00  INFO 23664 --- [nio-8001-exec-3] o.s.web.servlet.DispatcherServlet        : Initializing Servlet 'dispatcherServlet'
2026-08-25T10:48:11.163-05:00  INFO 23664 --- [nio-8001-exec-3] o.s.web.servlet.DispatcherServlet        : Completed initialization in 0 ms
2026-08-25T10:48:12.222-05:00  WARN 23664 --- [nio-8001-exec-7] ration$PageModule$WarningLoggingModifier : Serializing PageImpl instances as-is is not supported, meaning that there is no guarantee about the stability of the resulting JSON structure!
	For a stable JSON structure, please use Spring Data's PagedModel (globally via @EnableSpringDataWebSupport(pageSerializationMode = VIA_DTO))
	or Spring HATEOAS and Spring Data's PagedResourcesAssembler as documented in https://docs.spring.io/spring-data/commons/reference/repositories/core-extensions.html#core.web.pageables.

2026-08-25T11:09:02.821-05:00  WARN 23664 --- [      firma-pdf] c.e.actas.service.SignedDocumentService  : Acta 68 no tiene datosOriginales — se omite generacion de documento firmado
2026-08-25T11:16:05.903-05:00  INFO 23664 --- [nio-8001-exec-4] c.e.actas.service.UsuarioGlpiService     : Usuarios GLPI activos cargados en cache: 945 (10 paginas)
2026-08-25T11:16:48.806-05:00  INFO 23664 --- [nio-8001-exec-8] c.e.actas.service.LibreOfficePdfService  : Ejecutando LibreOffice con perfil aislado C:\Users\juanhern\AppData\Local\Temp\lo-profile-17092055790871444044: [C:\Users\juanhern/LibreOfficePortable/LibreOfficePortable/App/libreoffice/program/soffice.exe, -env:UserInstallation=file:/C:/Users/juanhern/AppData/Local/Temp/lo-profile-17092055790871444044/, --headless, --convert-to, pdf, --outdir, C:\Users\juanhern\OneDrive - COMPANIA DE FINANCIAMIENTO COMERCIAL COLTEFINANCIERA S.A\Documentos\actas-glpi-Suaco\backend\storage\uploads\pdf, C:\Users\juanhern\OneDrive - COMPANIA DE FINANCIAMIENTO COMERCIAL COLTEFINANCIERA S.A\Documentos\actas-glpi-Suaco\backend\storage\generated\Devolucion_1PG15N3_aaaaaaaaaaaaaaaa.docx]
2026-08-25T11:17:01.432-05:00  INFO 23664 --- [nio-8001-exec-8] c.e.actas.service.LibreOfficePdfService  : PDF generado exitosamente (intento 1): C:\Users\juanhern\OneDrive - COMPANIA DE FINANCIAMIENTO COMERCIAL COLTEFINANCIERA S.A\Documentos\actas-glpi-Suaco\backend\storage\uploads\pdf\Devolucion_1PG15N3_aaaaaaaaaaaaaaaa.pdf
2026-08-25T11:18:04.048-05:00  INFO 23664 --- [nio-8001-exec-9] c.e.actas.mail.service.MailService       : Correo de firma enviado a 'juanhernandez1122876@gmail.com' con enlace '/firma.html?token=46e03189-1a76-4dfa-a39b-bef2af9f58c3'
2026-08-25T11:18:57.821-05:00  INFO 23664 --- [      firma-pdf] c.e.actas.service.LibreOfficePdfService  : Ejecutando LibreOffice con perfil aislado C:\Users\juanhern\AppData\Local\Temp\lo-profile-9729006756905510857: [C:\Users\juanhern/LibreOfficePortable/LibreOfficePortable/App/libreoffice/program/soffice.exe, -env:UserInstallation=file:/C:/Users/juanhern/AppData/Local/Temp/lo-profile-9729006756905510857/, --headless, --convert-to, pdf, --outdir, C:\Users\juanhern\OneDrive - COMPANIA DE FINANCIAMIENTO COMERCIAL COLTEFINANCIERA S.A\Documentos\actas-glpi-Suaco\backend\storage\uploads\pdf, C:\Users\juanhern\OneDrive - COMPANIA DE FINANCIAMIENTO COMERCIAL COLTEFINANCIERA S.A\Documentos\actas-glpi-Suaco\backend\storage\generated\Devolucion_1PG15N3_aaaaaaaaaaaaaaaa.docx]
2026-08-25T11:19:06.821-05:00  INFO 23664 --- [      firma-pdf] c.e.actas.service.LibreOfficePdfService  : PDF generado exitosamente (intento 1): C:\Users\juanhern\OneDrive - COMPANIA DE FINANCIAMIENTO COMERCIAL COLTEFINANCIERA S.A\Documentos\actas-glpi-Suaco\backend\storage\uploads\pdf\Devolucion_1PG15N3_aaaaaaaaaaaaaaaa.pdf
2026-08-25T11:19:06.950-05:00  INFO 23664 --- [      firma-pdf] c.e.actas.service.SignedDocumentService  : Documento firmado generado para acta 78: uploads/pdf/Devolucion_1PG15N3_aaaaaaaaaaaaaaaa_acta78.pdf
