
  .   ____          _            __ _ _
 /\\ / ___'_ __ _ _(_)_ __  __ _ \ \ \ \
( ( )\___ | '_ | '_| | '_ \/ _` | \ \ \ \
 \\/  ___)| |_)| | | | | || (_| |  ) ) ) )
  '  |____| .__|_| |_|_| |_\__, | / / / /
 =========|_|==============|___/=/_/_/_/

 :: Spring Boot ::                (v3.4.1)

2026-09-02T10:20:27.575-05:00  INFO 1724 --- [           main] com.empresa.actas.ActasApplication       : Starting ActasApplication v1.0.0 using Java 21.0.11 with PID 1724 (C:\Users\juanhern\OneDrive - COMPANIA DE FINANCIAMIENTO COMERCIAL COLTEFINANCIERA S.A\Documentos\actas-glpi-Suaco\backend\target\actas-glpi-1.0.0.jar started by JuanHern in C:\Users\juanhern\OneDrive - COMPANIA DE FINANCIAMIENTO COMERCIAL COLTEFINANCIERA S.A\Documentos\actas-glpi-Suaco\backend)
2026-09-02T10:20:27.590-05:00  INFO 1724 --- [           main] com.empresa.actas.ActasApplication       : No active profile set, falling back to 1 default profile: "default"
2026-09-02T10:20:32.359-05:00  INFO 1724 --- [           main] .s.d.r.c.RepositoryConfigurationDelegate : Bootstrapping Spring Data JPA repositories in DEFAULT mode.
2026-09-02T10:20:32.728-05:00  INFO 1724 --- [           main] .s.d.r.c.RepositoryConfigurationDelegate : Finished Spring Data repository scanning in 322 ms. Found 10 JPA repository interfaces.
2026-09-02T10:20:36.105-05:00  INFO 1724 --- [           main] o.s.b.w.embedded.tomcat.TomcatWebServer  : Tomcat initialized with port 8001 (http)
2026-09-02T10:20:36.169-05:00  INFO 1724 --- [           main] o.apache.catalina.core.StandardService   : Starting service [Tomcat]
2026-09-02T10:20:36.170-05:00  INFO 1724 --- [           main] o.apache.catalina.core.StandardEngine    : Starting Servlet engine: [Apache Tomcat/10.1.34]
2026-09-02T10:20:36.349-05:00  INFO 1724 --- [           main] o.a.c.c.C.[Tomcat].[localhost].[/]       : Initializing Spring embedded WebApplicationContext
2026-09-02T10:20:36.354-05:00  INFO 1724 --- [           main] w.s.c.ServletWebServerApplicationContext : Root WebApplicationContext: initialization completed in 8522 ms
2026-09-02T10:20:36.987-05:00  INFO 1724 --- [           main] o.hibernate.jpa.internal.util.LogHelper  : HHH000204: Processing PersistenceUnitInfo [name: default]
2026-09-02T10:20:37.373-05:00  INFO 1724 --- [           main] org.hibernate.Version                    : HHH000412: Hibernate ORM core version 6.6.4.Final
2026-09-02T10:20:37.631-05:00  INFO 1724 --- [           main] o.h.c.internal.RegionFactoryInitiator    : HHH000026: Second-level cache disabled
2026-09-02T10:20:39.097-05:00  INFO 1724 --- [           main] o.s.o.j.p.SpringPersistenceUnitInfo      : No LoadTimeWeaver setup: ignoring JPA class transformer
2026-09-02T10:20:39.289-05:00  INFO 1724 --- [           main] com.zaxxer.hikari.HikariDataSource       : HikariPool-1 - Starting...
2026-09-02T10:20:40.588-05:00  INFO 1724 --- [           main] com.zaxxer.hikari.pool.HikariPool        : HikariPool-1 - Added connection org.postgresql.jdbc.PgConnection@fd14789
2026-09-02T10:20:40.597-05:00  INFO 1724 --- [           main] com.zaxxer.hikari.HikariDataSource       : HikariPool-1 - Start completed.
2026-09-02T10:20:40.763-05:00  WARN 1724 --- [           main] org.hibernate.orm.deprecation            : HHH90000025: PostgreSQLDialect does not need to be specified explicitly using 'hibernate.dialect' (remove the property setting and it will be selected by default)
2026-09-02T10:20:40.849-05:00  INFO 1724 --- [           main] org.hibernate.orm.connections.pooling    : HHH10001005: Database info:
	Database JDBC URL [Connecting through datasource 'HikariDataSource (HikariPool-1)']
	Database driver: undefined/unknown
	Database version: 18.4
	Autocommit mode: undefined/unknown
	Isolation level: undefined/unknown
	Minimum pool size: undefined/unknown
	Maximum pool size: undefined/unknown
2026-09-02T10:20:45.424-05:00  INFO 1724 --- [           main] o.h.e.t.j.p.i.JtaPlatformInitiator       : HHH000489: No JTA platform available (set 'hibernate.transaction.jta.platform' to enable JTA platform integration)
2026-09-02T10:20:45.656-05:00  INFO 1724 --- [           main] j.LocalContainerEntityManagerFactoryBean : Initialized JPA EntityManagerFactory for persistence unit 'default'
2026-09-02T10:20:47.077-05:00  INFO 1724 --- [           main] o.s.d.j.r.query.QueryEnhancerFactory     : Hibernate is in classpath; If applicable, HQL parser will be used.
2026-09-02T10:20:54.102-05:00  INFO 1724 --- [           main] eAuthenticationProviderManagerConfigurer : Global AuthenticationManager configured with AuthenticationProvider bean with name authenticationProvider
2026-09-02T10:20:54.126-05:00  WARN 1724 --- [           main] r$InitializeUserDetailsManagerConfigurer : Global AuthenticationManager configured with an AuthenticationProvider bean. UserDetailsService beans will not be used by Spring Security for automatically configuring username/password login. Consider removing the AuthenticationProvider bean. Alternatively, consider using the UserDetailsService in a manually instantiated DaoAuthenticationProvider. If the current configuration is intentional, to turn off this warning, increase the logging level of 'org.springframework.security.config.annotation.authentication.configuration.InitializeUserDetailsBeanManagerConfigurer' to ERROR
2026-09-02T10:20:55.464-05:00  WARN 1724 --- [           main] JpaBaseConfiguration$JpaWebConfiguration : spring.jpa.open-in-view is enabled by default. Therefore, database queries may be performed during view rendering. Explicitly configure spring.jpa.open-in-view to disable this warning
2026-09-02T10:20:58.042-05:00  INFO 1724 --- [           main] o.s.b.w.embedded.tomcat.TomcatWebServer  : Tomcat started on port 8001 (http) with context path '/'
2026-09-02T10:20:58.096-05:00  INFO 1724 --- [           main] com.empresa.actas.ActasApplication       : Started ActasApplication in 33.138 seconds (process running for 35.924)
2026-09-02T10:21:52.127-05:00  INFO 1724 --- [nio-8001-exec-1] o.a.c.c.C.[Tomcat].[localhost].[/]       : Initializing Spring DispatcherServlet 'dispatcherServlet'
2026-09-02T10:21:52.147-05:00  INFO 1724 --- [nio-8001-exec-1] o.s.web.servlet.DispatcherServlet        : Initializing Servlet 'dispatcherServlet'
2026-09-02T10:21:52.148-05:00  INFO 1724 --- [nio-8001-exec-1] o.s.web.servlet.DispatcherServlet        : Completed initialization in 1 ms
2026-09-02T10:21:53.969-05:00  WARN 1724 --- [nio-8001-exec-6] ration$PageModule$WarningLoggingModifier : Serializing PageImpl instances as-is is not supported, meaning that there is no guarantee about the stability of the resulting JSON structure!
	For a stable JSON structure, please use Spring Data's PagedModel (globally via @EnableSpringDataWebSupport(pageSerializationMode = VIA_DTO))
	or Spring HATEOAS and Spring Data's PagedResourcesAssembler as documented in https://docs.spring.io/spring-data/commons/reference/repositories/core-extensions.html#core.web.pageables.

